Initial chunk files | Names         |  Raw size
polyfills.js        | polyfills     |  88.09 kB | 
main.js             | main          |  82.75 kB | 
styles.css          | styles        |  12.95 kB | 

                    | Initial total | 183.78 kB

Application bundle generation complete. [3.705 seconds]

Watch mode enabled. Watching for file changes...
  ➜  Local:   http://127.0.0.1:4200/
Initial chunk files | Names | Raw size
main.js             | main  | 82.76 kB | 

Application bundle generation complete. [3.348 seconds]

Page reload sent to client(s).
Initial chunk files | Names | Raw size
main.js             | main  | 82.76 kB | 

Application bundle generation complete. [1.158 seconds]

Page reload sent to client(s).
Initial chunk files | Names | Raw size
main.js             | main  | 82.76 kB | 

Application bundle generation complete. [1.431 seconds]

Page reload sent to client(s).
Initial chunk files | Names | Raw size
main.js             | main  | 82.75 kB | 

Application bundle generation complete. [0.932 seconds]

Page reload sent to client(s).
Application bundle generation failed. [0.974 seconds]

Initial chunk files | Names         |  Raw size
polyfills.js        | polyfills     |  88.09 kB | 
main.js             | main          |  83.02 kB | 
styles.css          | styles        |  12.95 kB | 

                    | Initial total | 184.05 kB

Application bundle generation complete. [1.526 seconds]

Page reload sent to client(s).
Initial chunk files | Names | Raw size
main.js             | main  | 83.11 kB | 

Application bundle generation complete. [0.996 seconds]

Page reload sent to client(s).
Application bundle generation failed. [4.106 seconds]

Initial chunk files | Names         |  Raw size
polyfills.js        | polyfills     |  88.09 kB | 
main.js             | main          |  84.62 kB | 
styles.css          | styles        |  12.95 kB | 

                    | Initial total | 185.65 kB

Application bundle generation complete. [1.822 seconds]

Page reload sent to client(s).
Initial chunk files | Names | Raw size
main.js             | main  | 84.72 kB | 

Application bundle generation complete. [1.231 seconds]

Page reload sent to client(s).
Initial chunk files | Names | Raw size
main.js             | main  | 85.64 kB | 

Application bundle generation complete. [1.061 seconds]

Page reload sent to client(s).
Initial chunk files | Names | Raw size
main.js             | main  | 85.73 kB | 

Application bundle generation complete. [1.083 seconds]

Page reload sent to client(s).
Initial chunk files | Names | Raw size
main.js             | main  | 86.64 kB | 

Application bundle generation complete. [1.093 seconds]

Page reload sent to client(s).
Initial chunk files | Names | Raw size
main.js             | main  | 88.12 kB | 

Application bundle generation complete. [1.131 seconds]

Page reload sent to client(s).
Initial chunk files | Names | Raw size
main.js             | main  | 88.21 kB | 

Application bundle generation complete. [0.978 seconds]

Page reload sent to client(s).
Initial chunk files | Names  | Raw size
styles.css          | styles | 14.43 kB | 

Application bundle generation complete. [0.174 seconds]

HMR update sent to client(s).

No output file changes.

Application bundle generation complete. [3.044 seconds]


No output file changes.

Application bundle generation complete. [1.509 seconds]

Initial chunk files | Names | Raw size
main.js             | main  | 88.34 kB | 

Application bundle generation complete. [0.913 seconds]

Page reload sent to client(s).
Initial chunk files | Names | Raw size
main.js             | main  | 90.09 kB | 

Application bundle generation complete. [1.322 seconds]

Page reload sent to client(s).
Initial chunk files | Names | Raw size
main.js             | main  | 90.33 kB | 

Application bundle generation complete. [1.095 seconds]

Page reload sent to client(s).
Initial chunk files | Names  | Raw size
styles.css          | styles | 14.66 kB | 

Application bundle generation complete. [0.092 seconds]

HMR update sent to client(s).
Initial chunk files | Names | Raw size
main.js             | main  | 90.00 kB | 

Application bundle generation complete. [0.940 seconds]

Page reload sent to client(s).
Initial chunk files | Names  | Raw size
styles.css          | styles | 14.81 kB | 

Application bundle generation complete. [0.482 seconds]

HMR update sent to client(s).
