[baseline-browser-mapping] The data in this module is over two months old.  To ensure accurate Baseline data, please update: `npm i baseline-browser-mapping@latest -D`
- Building...

- Changes detected. Rebuilding...

- Changes detected. Rebuilding...

- Changes detected. Rebuilding...

- Changes detected. Rebuilding...

- Changes detected. Rebuilding...

X [ERROR] NG9: Property 'hasAnyAdjustment' does not exist on type 'AppComponent'. [plugin angular-compiler]

    src/app/app.component.html:63:22:
      63 │           [disabled]="hasAnyAdjustment()"
         ╵                       ~~~~~~~~~~~~~~~~

  Error occurs in the template of component AppComponent.

    src/app/app.component.ts:62:15:
      62 │   templateUrl: './app.component.html',
         ╵                ~~~~~~~~~~~~~~~~~~~~~~


X [ERROR] NG9: Property 'hasAnyAdjustment' does not exist on type 'AppComponent'. [plugin angular-compiler]

    src/app/app.component.html:71:22:
      71 │           [disabled]="hasAnyAdjustment()"
         ╵                       ~~~~~~~~~~~~~~~~

  Error occurs in the template of component AppComponent.

    src/app/app.component.ts:62:15:
      62 │   templateUrl: './app.component.html',
         ╵                ~~~~~~~~~~~~~~~~~~~~~~


- Changes detected. Rebuilding...

- Changes detected. Rebuilding...

- Changes detected. Rebuilding...

X [ERROR] TS2339: Property 'createAdjustmentLabel' does not exist on type 'AppComponent'. [plugin angular-compiler]

    src/app/app.component.ts:636:28:
      636 │       adjustmentLabel: this.createAdjustmentLabel(),
          ╵                             ~~~~~~~~~~~~~~~~~~~~~


X [ERROR] TS2339: Property 'createBreaksLabel' does not exist on type 'AppComponent'. [plugin angular-compiler]

    src/app/app.component.ts:637:24:
      637 │       breaksLabel: this.createBreaksLabel(),
          ╵                         ~~~~~~~~~~~~~~~~~


- Changes detected. Rebuilding...

- Changes detected. Rebuilding...

- Changes detected. Rebuilding...

- Changes detected. Rebuilding...

- Changes detected. Rebuilding...

- Changes detected. Rebuilding...

- Changes detected. Rebuilding...

- Changes detected. Rebuilding...

- Changes detected. Rebuilding...

- Changes detected. Rebuilding...

- Changes detected. Rebuilding...

- Changes detected. Rebuilding...

- Changes detected. Rebuilding...

- Changes detected. Rebuilding...

- Changes detected. Rebuilding...

- Changes detected. Rebuilding...

